{
  "Q": "insert into events (foreign_id, type, timestamp) values",
  "Args": null
}