insert into events (foreign_id, type, timestamp) values (?, ?, now(6))

fid1
1