{
  "Q": "insert into events (foreign_id, type, timestamp, metadata) values (?, ?, now(6), ?)",
  "Args": [
    "fid1",
    1,
    "bWV0YWRhdGE="
  ]
}